// Jest Snapshot v1, https://goo.gl/fbAQLP

exports[`renders banner text 1`] = `
<DocumentFragment>
  <section>
    <div
      class="hero"
    >
      <div
        class="banner"
      >
        <img
          alt="Banner"
          src="banner.jpg"
        />
      </div>
      <div
        class="banner-text"
      >
        <div
          class="banner-text_intro"
        >
          <img
            alt="Hospital Cross"
            src="medlink-cross.png"
          />
          <h3>
            Medlink
          </h3>
        </div>
        <p>
          Bringing your nearest Healthcare facilities closer to you. 
          <br />
          Be it a Pharmacy or Hospital.
        </p>
      </div>
    </div>
  </section>
</DocumentFragment>
`;
